sysfs on /sys type sysfs (rw,nosuid,nodev,noexec,relatime)
proc on /proc type proc (rw,nosuid,nodev,noexec,relatime)
udev on /dev type devtmpfs (rw,relatime,size=10240k,nr_inodes=115119,mode=755)
devpts on /dev/pts type devpts (rw,nosuid,noexec,relatime,gid=5,mode=620,ptmxmode=000)
tmpfs on /run type tmpfs (rw,nosuid,noexec,relatime,size=96024k,mode=755)
/dev/sda1 on /lib/live/mount/medium type iso9660 (ro,noatime)
/dev/loop0 on /lib/live/mount/rootfs/filesystem.squashfs type squashfs (ro,noatime)
tmpfs on /lib/live/mount/overlay type tmpfs (rw,relatime)
tmpfs on /lib/live/mount/overlay type tmpfs (rw,noatime,mode=755)
aufs on / type aufs (rw,noatime,si=e828cef7,noxino)
tmpfs on /run/lock type tmpfs (rw,nosuid,nodev,noexec,relatime,size=5120k)
pstore on /sys/fs/pstore type pstore (rw,relatime)
tmpfs on /run/shm type tmpfs (rw,nosuid,nodev,noexec,relatime,size=192040k)
tmpfs on /tmp type tmpfs (rw,nosuid,nodev,relatime)
fusectl on /sys/fs/fuse/connections type fusectl (rw,relatime)
cgroup on /sys/fs/cgroup type tmpfs (rw,relatime,size=12k)
cgmfs on /run/cgmanager/fs type tmpfs (rw,relatime,size=100k,mode=755)
systemd on /sys/fs/cgroup/systemd type cgroup (rw,nosuid,nodev,noexec,relatime,release_agent=/usr/lib/i386-linux-gnu/systemd-shim-cgroup-release-agent,name=systemd)
tmpfs on /run/user/106 type tmpfs (rw,nosuid,nodev,relatime,size=96024k,mode=700,uid=106,gid=114)
tmpfs on /run/user/1000 type tmpfs (rw,nosuid,nodev,relatime,size=96024k,mode=700,uid=1000,gid=1000)
gvfsd-fuse on /run/user/1000/gvfs type fuse.gvfsd-fuse (rw,nosuid,nodev,relatime,user_id=1000,group_id=1000)
